   0.000000e+00   3.088075e+02   3.014409e+02   2.990965e+02   2.973956e+02   2.998629e+02   2.956537e+02   2.959526e+02   2.907427e+02  -3.486056e+01   3.852817e+01
