       57.868997032099266      -42.398038388575628      266.923450213523324      238.648644809484409        6.227282145709787
